// Jest Snapshot v1, https://goo.gl/fbAQLP

exports[`Backdrop renders properly 1`] = `<div class="backdrop"></div>`;
